A51 MACRO ASSEMBLER  MOTOR_CONTROL                                                        06/17/2025 16:48:40 PAGE     1


MACRO ASSEMBLER A51 V8.02c
OBJECT MODULE PLACED IN .\Objects\motor_control.obj
ASSEMBLER INVOKED BY: H:\MY SOFTWARE\Keil5 C51\C51\BIN\A51.EXE motor_control.a51 SET(SMALL) DEBUG PRINT(.\Listings\motor
                      _control.lst) OBJECT(.\Objects\motor_control.obj) EP

LOC  OBJ            LINE     SOURCE

                       1     ;******************************************************************************
                       2     ;* 文件名：MOTOR_CONTROL.ASM                                                   *
                       3     ;* 功能：基于51单片机的智能电风扇控制系统                                
                                 *
                       4     ;* 作者：hhx、cnz、zxy                                                       *
                       5     ;* 日期：2025年6月17日                                                       *
                       6     ;* 硬件平台：AT89C51单片机（12MHz晶振）                                      *
                       7     ;* 开发环境：Keil uVision5                                                   *
                       8     ;*                                                                           *
                       9     ;* 功能说明：                                                                *
                      10     ;* 1. 四种工作模式：                                                         *
                      11     ;*    - 停止模式（显示"0"）                                                  *
                      12     ;*    - 恒速模式（3档可调，显示档位0-2）                                     
                             *
                      13     ;*    - 风速递增模式（自动循环切换档位，显示"b"）                       
                                  *
                      14     ;*    - 自然风模式（随机风速，显示"C"）                                      
                             *
                      15     ;* 2. 定时功能（1-9秒倒计时）                                                *
                      16     ;* 3. 节能模式（10秒无操作自动停机）                                         
                             *
                      17     ;* 4. 五按键控制：                                                           *
                      18     ;*    - KEY1：模式切换                                                       *
                      19     ;*    - KEY2：增加档位/定时设置+                                             *
                      20     ;*    - KEY3：定时设置                                                       *
                      21     ;*    - KEY4：启动定时                                                       *
                      22     ;*    - KEY5：节能开关                                                       *
                      23     ;******************************************************************************
0000                  24     ORG 0000H
0000 020100           25     LJMP MAIN
000B                  26     ORG 000BH        ; 定时器0中断入口
000B 0202A9           27     LJMP TIMER0_ISR
                      28     
                      29     ; 常量定义
  0000                30     MODE_STOP     EQU 0    ; 停止模式
  0001                31     MODE_CONSTANT EQU 1    ; 恒速模式
  0002                32     MODE_INCREMENT EQU 2   ; 风速递增模式
  0003                33     MODE_NATURAL  EQU 3    ; 自然风模式
                      34     
                      35     ; 变量定义
  0020                36     CURRENT_MODE DATA 20H  ; 当前模式
  0021                37     CURRENT_GEAR DATA 21H  ; 当前档位（恒速模式用）
  0022                38     TIMER_STATE  DATA 22H  ; 定时状态:0=未启动,1=设置中,2=运行中
  0023                39     TIMER_COUNT  DATA 23H  ; 定时倒计时(秒)
  0024                40     STEP_PTR     DATA 24H  ; 步进电机节拍指针
  0025                41     RAND_SEED    DATA 25H  ; 随机数种子
  0026                42     DISPLAY_TIMER DATA 26H ; 模式显示计时器
  0027                43     INC_TIMER    DATA 27H  ; 递增模式计时器
  0028                44     POWER_SAVE   DATA 28H  ; 节能标志（0:正常,1:节能）
  0029                45     OPER_TIMER   DATA 29H  ; 操作计时器（节能用）
                      46     
                      47     ; 主程序
0100                  48     ORG 0100H
0100                  49     MAIN:
0100 758160           50         MOV SP, #60H        ; 设置堆栈指针
0103 752000           51         MOV CURRENT_MODE, #MODE_STOP ; 初始模式：停止
0106 752101           52         MOV CURRENT_GEAR, #1   ; 初始档位：1
A51 MACRO ASSEMBLER  MOTOR_CONTROL                                                        06/17/2025 16:48:40 PAGE     2

0109 752200           53         MOV TIMER_STATE, #0    ; 初始未启动定时
010C 752300           54         MOV TIMER_COUNT, #0    ; 定时倒计时清零
010F 752400           55         MOV STEP_PTR, #0       ; 步进指针初始化
0112 752511           56         MOV RAND_SEED, #17     ; 随机数种子初始化
0115 752600           57         MOV DISPLAY_TIMER, #0  ; 模式显示计时清零
0118 752700           58         MOV INC_TIMER, #0      ; 递增计时清零
011B 752800           59         MOV POWER_SAVE, #0     ; 节能模式关闭
011E 752900           60         MOV OPER_TIMER, #0     ; 操作计时清零
                      61         
                      62         ; 初始化定时器0（50ms定时）
0121 758901           63         MOV TMOD, #01H      ; 定时器0模式1（16位）
0124 758C3C           64         MOV TH0, #3CH       ; 50ms定时初值（12MHz晶振）
0127 758AB0           65         MOV TL0, #0B0H
012A D2AF             66         SETB EA             ; 开总中断
012C D2A9             67         SETB ET0            ; 允许定时器0中断
012E D28C             68         SETB TR0            ; 启动定时器0
                      69         
                      70         ; 初始显示停止模式
0130 7580C0           71         MOV P0, #0C0H       ; 显示"0"
                      72     
0133                  73     MAIN_LOOP:
0133 120204           74         LCALL KEY_SCAN      ; 扫描按键
                      75         
                      76         ; 检查定时状态
0136 E522             77         MOV A, TIMER_STATE
0138 B40204           78         CJNE A, #2, NOT_TIMER_RUN
013B E523             79         MOV A, TIMER_COUNT
013D 600D             80         JZ TIMER_ENDED      ; 定时结束
                      81         
013F                  82     NOT_TIMER_RUN:
                      83         ; 检查当前模式是否需要关闭电机
013F E520             84         MOV A, CURRENT_MODE
0141 7017             85         JNZ NOT_STOP_MODE
0143                  86     STOP_MODE:
                      87         ; 停止模式 - 确保完全停止
0143 75A000           88         MOV P2, #00H        ; 清除所有相位
0146 752400           89         MOV STEP_PTR, #0    ; 重置步进指针
0149 02018F           90         LJMP MAIN_LOOP_END
                      91     
014C                  92     TIMER_ENDED:
                      93         ; 定时结束 - 停止电机
014C 752200           94         MOV TIMER_STATE, #0    ; 重置定时状态
014F 752000           95         MOV CURRENT_MODE, #MODE_STOP ; 进入停止模式
0152 75A000           96         MOV P2, #00H          ; 停止电机
0155 752400           97         MOV STEP_PTR, #0      ; 重置步进指针
0158 8035             98         SJMP MAIN_LOOP_END
                      99     
015A                 100     NOT_STOP_MODE:
                     101         ; 根据当前模式处理
015A E520            102         MOV A, CURRENT_MODE
015C B40103          103         CJNE A, #MODE_CONSTANT, CHECK_INCREMENT
015F 02016B          104         LJMP CONSTANT_MODE  ; 恒速模式
                     105         
0162                 106     CHECK_INCREMENT:
0162 B40203          107         CJNE A, #MODE_INCREMENT, NATURAL_MODE
0165 020177          108         LJMP INCREMENT_MODE ; 风速递增模式
                     109         
0168                 110     NATURAL_MODE:
0168 020183          111         LJMP NATURAL_MODE_HANDLE ; 自然风模式
                     112     
016B                 113     CONSTANT_MODE:
                     114         ; 恒速模式 - 根据档位驱动
016B 1202F4          115         LCALL SET_DELAY
016E 1201F1          116         LCALL STEP_MOTOR
0171 120319          117         LCALL DELAY
0174 02018F          118         LJMP MAIN_LOOP_END
A51 MACRO ASSEMBLER  MOTOR_CONTROL                                                        06/17/2025 16:48:40 PAGE     3

                     119     
0177                 120     INCREMENT_MODE:
                     121         ; 风速递增模式 - 自动循环
0177 1201F1          122         LCALL STEP_MOTOR
017A 1202F4          123         LCALL SET_DELAY
017D 120319          124         LCALL DELAY
0180 02018F          125         LJMP MAIN_LOOP_END
                     126     
0183                 127     NATURAL_MODE_HANDLE:
                     128         ; 自然风模式 - 随机延时
0183 12030B          129         LCALL GEN_RANDOM
0186 1201F1          130         LCALL STEP_MOTOR
0189 120319          131         LCALL DELAY
018C 02018F          132         LJMP MAIN_LOOP_END
                     133     
018F                 134     MAIN_LOOP_END:
                     135         ; 更新数码管显示
018F E522            136         MOV A, TIMER_STATE
0191 7028            137         JNZ SHOW_TIMER_DISP ; 在定时状态时显示定时相关
                     138         
                     139         ; 非定时状态 - 显示模式内容
0193 E526            140         MOV A, DISPLAY_TIMER
0195 701A            141         JNZ SHOW_MODE_CHAR  ; 如果显示计时未结束，显示模式字符
                     142         
                     143         ; 显示计时结束，显示内容
0197 E520            144         MOV A, CURRENT_MODE
0199 B4010B          145         CJNE A, #MODE_CONSTANT, SHOW_DEFAULT
                     146         ; 恒速模式显示档位
019C 900337          147         MOV DPTR, #DIGIT_TABLE
019F E521            148         MOV A, CURRENT_GEAR
01A1 14              149         DEC A               ; 档位1显示'1'
01A2 93              150         MOVC A, @A+DPTR
01A3 F580            151         MOV P0, A
01A5 8032            152         SJMP DISPLAY_DONE
                     153         
01A7                 154     SHOW_DEFAULT:
                     155         ; 其他模式显示相应字符
01A7 900333          156         MOV DPTR, #MODE_TABLE
01AA E520            157         MOV A, CURRENT_MODE
01AC 93              158         MOVC A, @A+DPTR
01AD F580            159         MOV P0, A
01AF 8028            160         SJMP DISPLAY_DONE
                     161     
01B1                 162     SHOW_MODE_CHAR:
                     163         ; 显示模式字符
01B1 900333          164         MOV DPTR, #MODE_TABLE
01B4 E520            165         MOV A, CURRENT_MODE
01B6 93              166         MOVC A, @A+DPTR
01B7 F580            167         MOV P0, A
01B9 801E            168         SJMP DISPLAY_DONE
                     169     
01BB                 170     SHOW_TIMER_DISP:
                     171         ; 定时状态 - 显示定时信息
01BB E522            172         MOV A, TIMER_STATE
01BD B4010A          173         CJNE A, #1, SHOW_COUNTDOWN
                     174         
                     175         ; 定时设置状态 - 显示设置值
01C0 E523            176         MOV A, TIMER_COUNT
01C2 900337          177         MOV DPTR, #DIGIT_TABLE
01C5 93              178         MOVC A, @A+DPTR
01C6 F580            179         MOV P0, A
01C8 800F            180         SJMP DISPLAY_DONE
                     181     
01CA                 182     SHOW_COUNTDOWN:
                     183         ; 定时运行状态 - 显示倒计时
01CA E523            184         MOV A, TIMER_COUNT
A51 MACRO ASSEMBLER  MOTOR_CONTROL                                                        06/17/2025 16:48:40 PAGE     4

01CC 6008            185         JZ SHOW_TIMER_END
01CE 900337          186         MOV DPTR, #DIGIT_TABLE
01D1 93              187         MOVC A, @A+DPTR
01D2 F580            188         MOV P0, A
01D4 8003            189         SJMP DISPLAY_DONE
                     190         
01D6                 191     SHOW_TIMER_END:
                     192         ; 定时结束状态 - 显示"0"
01D6 7580C0          193         MOV P0, #0C0H
                     194     
01D9                 195     DISPLAY_DONE:
                     196         ; 节能模式处理（放在主循环最后）
01D9 E528            197         MOV A, POWER_SAVE
01DB 6011            198         JZ MAIN_LOOP_RESTART ; 非节能模式继续
                     199         
01DD E529            200         MOV A, OPER_TIMER
01DF B4C80C          201         CJNE A, #200, MAIN_LOOP_RESTART ; 200 * 50ms=10秒
                     202         
                     203         ; 节能模式下10秒无操作，关闭电机
01E2 75A000          204         MOV P2, #00H
01E5 752400          205         MOV STEP_PTR, #0
01E8 752000          206         MOV CURRENT_MODE, #MODE_STOP
01EB 752800          207         MOV POWER_SAVE, #0 ; 可选：关闭节能模式
                     208         
01EE                 209     MAIN_LOOP_RESTART:
01EE 020133          210         LJMP MAIN_LOOP
                     211     
                     212     ; 步进电机驱动子程序
01F1                 213     STEP_MOTOR:
01F1 90032F          214         MOV DPTR, #STEP_TABLE
01F4 E524            215         MOV A, STEP_PTR
01F6 93              216         MOVC A, @A+DPTR     ; 获取当前节拍
01F7 F5A0            217         MOV P2, A           ; 输出到电机
01F9 0524            218         INC STEP_PTR        ; 指向下一节拍
01FB E524            219         MOV A, STEP_PTR
01FD B40403          220         CJNE A, #4, STEP_END
0200 752400          221         MOV STEP_PTR, #0    ; 循环节拍
0203                 222     STEP_END:
0203 22              223         RET
                     224     
                     225     ; 按键扫描子程序
0204                 226     KEY_SCAN:
                     227         ; KEY1 - 模式切换 (P1.0)
0204 20901D          228         JB P1.0, KEY2
0207 120326          229         LCALL DELAY_20MS    ; 消抖
020A 209017          230         JB P1.0, KEY2
020D 3090FD          231         JNB P1.0, $         ; 等待释放
                     232         ; 切换模式
0210 752900          233         MOV OPER_TIMER, #0  ; 重置操作计时
0213 752200          234         MOV TIMER_STATE, #0 ; 取消任何定时操作
0216 0520            235         INC CURRENT_MODE    ; 模式+1
0218 E520            236         MOV A, CURRENT_MODE
021A B40403          237         CJNE A, #4, MODE_SWITCH_DONE ; 0-3模式
021D 752000          238         MOV CURRENT_MODE, #0 ; 循环
0220                 239     MODE_SWITCH_DONE:
0220 752628          240         MOV DISPLAY_TIMER, #40 ; 2秒模式显示
0223 22              241         RET
                     242     
0224                 243     KEY2:
                     244         ; KEY2 - 增加档位/定时设置 (P1.1)
0224 20912B          245         JB P1.1, KEY3
0227 120326          246         LCALL DELAY_20MS
022A 209125          247         JB P1.1, KEY3
022D 3091FD          248         JNB P1.1, $
0230 752900          249         MOV OPER_TIMER, #0  ; 重置操作计时
                     250         
A51 MACRO ASSEMBLER  MOTOR_CONTROL                                                        06/17/2025 16:48:40 PAGE     5

0233 E522            251         MOV A, TIMER_STATE
0235 7010            252         JNZ KEY2_TIMER_MODE ; 定时状态下处理定时设置
                     253         
                     254         ; 正常模式 - 仅在恒速模式下增加档位
0237 E520            255         MOV A, CURRENT_MODE
0239 B4010A          256         CJNE A, #MODE_CONSTANT, KEY2_END
                     257         ; 恒速模式 - 增加档位
023C 0521            258         INC CURRENT_GEAR
023E E521            259         MOV A, CURRENT_GEAR
0240 B40403          260         CJNE A, #4, KEY2_END ; 1-3档
0243 752101          261         MOV CURRENT_GEAR, #1 ; 循环
0246                 262     KEY2_END:
0246 22              263         RET
                     264     
0247                 265     KEY2_TIMER_MODE:
                     266         ; 定时设置状态下增加定时时间
0247 E523            267         MOV A, TIMER_COUNT
0249 04              268         INC A
024A B40A02          269         CJNE A, #10, SET_TIMER_VAL ; 1-9秒
024D 7400            270         MOV A, #0           ; 到9后回到0
024F                 271     SET_TIMER_VAL:
024F F523            272         MOV TIMER_COUNT, A
0251 22              273         RET
                     274     
0252                 275     KEY3:
                     276         ; KEY3 - 定时功能 (P1.2)
0252 209217          277         JB P1.2, KEY4
0255 120326          278         LCALL DELAY_20MS
0258 209211          279         JB P1.2, KEY4
025B 3092FD          280         JNB P1.2, $
025E 752900          281         MOV OPER_TIMER, #0  ; 重置操作计时
                     282         
                     283         ; 仅在非停止模式有效
0261 E520            284         MOV A, CURRENT_MODE
0263 6007            285         JZ KEY4             ; 停止模式无效
                     286         
                     287         ; 进入定时设置状态
0265 752201          288         MOV TIMER_STATE, #1 ; 设置状态
0268 752300          289         MOV TIMER_COUNT, #0 ; 初始化定时值
026B 22              290         RET
                     291     
026C                 292     KEY4:
                     293         ; KEY4 - 启动定时 (P1.3)
026C 20931C          294         JB P1.3, KEY5
026F 120326          295         LCALL DELAY_20MS
0272 209316          296         JB P1.3, KEY5
0275 3093FD          297         JNB P1.3, $
0278 752900          298         MOV OPER_TIMER, #0  ; 重置操作计时
                     299         
                     300         ; 仅在定时设置状态有效
027B E522            301         MOV A, TIMER_STATE
027D B4010B          302         CJNE A, #1, KEY5    ; 非设置状态无效
                     303         
                     304         ; 检查设置值是否有效 (1-9秒)
0280 E523            305         MOV A, TIMER_COUNT
0282 6007            306         JZ KEY5             ; 0秒无效
                     307         
                     308         ; 启动定时
0284 752202          309         MOV TIMER_STATE, #2 ; 运行状态
0287 752700          310         MOV INC_TIMER, #0   ; 清零定时计数
028A 22              311         RET
                     312     
028B                 313     KEY5:
                     314         ; KEY5 - 节能开关 (P1.4)
028B 20941A          315         JB P1.4, KEY_END
028E 120326          316         LCALL DELAY_20MS
A51 MACRO ASSEMBLER  MOTOR_CONTROL                                                        06/17/2025 16:48:40 PAGE     6

0291 209414          317         JB P1.4, KEY_END
0294 3094FD          318         JNB P1.4, $
0297 752900          319         MOV OPER_TIMER, #0  ; 重置操作计时
                     320         
                     321         ; 切换节能模式
029A E528            322         MOV A, POWER_SAVE
029C F4              323         CPL A
029D F528            324         MOV POWER_SAVE, A
029F 6007            325         JZ KEY_END          ; 关闭节能模式
                     326         
                     327         ; 开启节能模式 - 显示"E"2秒
02A1 758086          328         MOV P0, #86H        ; 显示"E"
02A4 752628          329         MOV DISPLAY_TIMER, #40 ; 2秒显示
02A7 22              330         RET
                     331     
02A8                 332     KEY_END:
02A8 22              333         RET
                     334     
                     335     ; 定时器0中断服务程序
02A9                 336     TIMER0_ISR:
02A9 C28C            337         CLR TR0
02AB 758C3C          338         MOV TH0, #3CH       ; 重装50ms初值
02AE 758AB0          339         MOV TL0, #0B0H
02B1 D28C            340         SETB TR0
                     341         
                     342         ; 模式显示计时
02B3 E526            343         MOV A, DISPLAY_TIMER
02B5 6002            344         JZ CHECK_TIMER
02B7 1526            345         DEC DISPLAY_TIMER
                     346         
02B9                 347     CHECK_TIMER:
                     348         ; 定时倒计时处理
02B9 E522            349         MOV A, TIMER_STATE
02BB B40211          350         CJNE A, #2, CHECK_INCREMENT_MODE ; 非运行状态跳过
                     351         
                     352         ; 每秒减少定时时间
02BE 0527            353         INC INC_TIMER
02C0 E527            354         MOV A, INC_TIMER
02C2 B4140A          355         CJNE A, #20, CHECK_INCREMENT_MODE ; 20 * 50ms=1秒
02C5 752700          356         MOV INC_TIMER, #0
02C8 1523            357         DEC TIMER_COUNT     ; 倒计时减1
02CA E523            358         MOV A, TIMER_COUNT
02CC 7001            359         JNZ CHECK_INCREMENT_MODE
                     360         ; 定时结束 - 跳回主循环处理
02CE 32              361         RETI
                     362     
02CF                 363     CHECK_INCREMENT_MODE:
                     364         ; 风速递增模式计时
02CF E520            365         MOV A, CURRENT_MODE
02D1 B40214          366         CJNE A, #MODE_INCREMENT, CHECK_OPER_TIME
                     367         ; 每2秒切换档位
02D4 0527            368         INC INC_TIMER
02D6 E527            369         MOV A, INC_TIMER
02D8 B4280D          370         CJNE A, #40, CHECK_OPER_TIME ; 40 * 50ms=2秒
02DB 752700          371         MOV INC_TIMER, #0
                     372         ; 切换档位
02DE 0521            373         INC CURRENT_GEAR
02E0 E521            374         MOV A, CURRENT_GEAR
02E2 B40403          375         CJNE A, #4, CHECK_OPER_TIME
02E5 752101          376         MOV CURRENT_GEAR, #1 ; 1-3档循环
                     377     
02E8                 378     CHECK_OPER_TIME:
                     379         ; 操作计时（节能用）
02E8 E529            380         MOV A, OPER_TIMER
02EA B4C804          381         CJNE A, #200, NOT_OP_TIMEOUT
02ED 7529C7          382         MOV OPER_TIMER, #199  ; 重置为199（避免溢出）
A51 MACRO ASSEMBLER  MOTOR_CONTROL                                                        06/17/2025 16:48:40 PAGE     7

02F0 32              383         RETI
                     384         
02F1                 385     NOT_OP_TIMEOUT:
02F1 0529            386         INC OPER_TIMER
02F3 32              387         RETI
                     388     
                     389     ; 设置延时参数
02F4                 390     SET_DELAY:
02F4 E521            391         MOV A, CURRENT_GEAR
                     392         ; 根据档位设置延时
02F6 B40105          393         CJNE A, #1, DELAY_GEAR2
02F9 7E1E            394         MOV R6, #30         ; 1档延时参数
02FB 7FC8            395         MOV R7, #200
02FD 22              396         RET
02FE                 397     DELAY_GEAR2:
02FE B40205          398         CJNE A, #2, DELAY_GEAR3
0301 7E14            399         MOV R6, #20         ; 2档延时参数
0303 7F96            400         MOV R7, #150
0305 22              401         RET
0306                 402     DELAY_GEAR3:
0306 7E0A            403         MOV R6, #10         ; 3档延时参数
0308 7F64            404         MOV R7, #100
030A 22              405         RET
                     406     
                     407     ; 随机数生成（用于自然风模式）
030B                 408     GEN_RANDOM:
030B E525            409         MOV A, RAND_SEED
030D 2411            410         ADD A, #17          ; 伪随机算法
030F F525            411         MOV RAND_SEED, A
0311 540F            412         ANL A, #0FH         ; 取低4位（0-15）
0313 2405            413         ADD A, #5           ; 偏移量（5-20）
0315 FE              414         MOV R6, A           ; 作为延时参数
0316 7F96            415         MOV R7, #150
0318 22              416         RET
                     417     
                     418     ; 延时子程序（参数在R6,R7）
0319                 419     DELAY:
0319 7D0A            420         MOV R5, #10
031B                 421     DELAY_LOOP:
031B EE              422         MOV A, R6
031C FB              423         MOV R3, A
031D                 424     DELAY_INNER:
031D EF              425         MOV A, R7
031E FC              426         MOV R4, A
031F                 427     DELAY_INNER2:
031F DCFE            428         DJNZ R4, DELAY_INNER2
0321 DBFA            429         DJNZ R3, DELAY_INNER
0323 DDF6            430         DJNZ R5, DELAY_LOOP
0325 22              431         RET
                     432     
                     433     ; 20ms消抖延时
0326                 434     DELAY_20MS:
0326 7F28            435         MOV R7, #40
0328                 436     DL1:
0328 7EFA            437         MOV R6, #250
032A                 438     DL2:
032A DEFE            439         DJNZ R6, DL2
032C DFFA            440         DJNZ R7, DL1
032E 22              441         RET
                     442     
                     443     ; 步进电机节拍表（双相四拍）
032F                 444     STEP_TABLE:
032F 05              445         DB 05H   ; A+B+ (0000 0101)
0330 09              446         DB 09H   ; A+B- (0000 1001)
0331 0A              447         DB 0AH   ; A-B- (0000 1010)
0332 06              448         DB 06H   ; A-B+ (0000 0110)
A51 MACRO ASSEMBLER  MOTOR_CONTROL                                                        06/17/2025 16:48:40 PAGE     8

                     449     
                     450     ; 模式显示表（共阳极）
0333                 451     MODE_TABLE:
0333 C0              452         DB 0C0H  ; 0: 停止模式 (实际显示0,但在主循环中处理)
0334 88              453         DB 88H   ; 1: 恒速模式 "A"
0335 83              454         DB 83H   ; 2: 风速递增模式 "B"
0336 C6              455         DB 0C6H  ; 3: 自然风模式 "C"
                     456     
                     457     ; 数字显示表（共阳极）
0337                 458     DIGIT_TABLE:
0337 C0              459         DB 0C0H  ; 0
0338 F9              460         DB 0F9H  ; 1
0339 A4              461         DB 0A4H  ; 2
033A B0              462         DB 0B0H  ; 3
033B 99              463         DB 99H   ; 4
033C 92              464         DB 92H   ; 5
033D 82              465         DB 82H   ; 6
033E F8              466         DB 0F8H  ; 7
033F 80              467         DB 80H   ; 8
0340 90              468         DB 90H   ; 9
                     469     
                     470     END
A51 MACRO ASSEMBLER  MOTOR_CONTROL                                                        06/17/2025 16:48:40 PAGE     9

SYMBOL TABLE LISTING
------ ----- -------


N A M E               T Y P E  V A L U E   ATTRIBUTES

CHECK_INCREMENT. . .  C ADDR   0162H   A   
CHECK_INCREMENT_MODE  C ADDR   02CFH   A   
CHECK_OPER_TIME. . .  C ADDR   02E8H   A   
CHECK_TIMER. . . . .  C ADDR   02B9H   A   
CONSTANT_MODE. . . .  C ADDR   016BH   A   
CURRENT_GEAR . . . .  D ADDR   0021H   A   
CURRENT_MODE . . . .  D ADDR   0020H   A   
DELAY. . . . . . . .  C ADDR   0319H   A   
DELAY_20MS . . . . .  C ADDR   0326H   A   
DELAY_GEAR2. . . . .  C ADDR   02FEH   A   
DELAY_GEAR3. . . . .  C ADDR   0306H   A   
DELAY_INNER. . . . .  C ADDR   031DH   A   
DELAY_INNER2 . . . .  C ADDR   031FH   A   
DELAY_LOOP . . . . .  C ADDR   031BH   A   
DIGIT_TABLE. . . . .  C ADDR   0337H   A   
DISPLAY_DONE . . . .  C ADDR   01D9H   A   
DISPLAY_TIMER. . . .  D ADDR   0026H   A   
DL1. . . . . . . . .  C ADDR   0328H   A   
DL2. . . . . . . . .  C ADDR   032AH   A   
EA . . . . . . . . .  B ADDR   00A8H.7 A   
ET0. . . . . . . . .  B ADDR   00A8H.1 A   
GEN_RANDOM . . . . .  C ADDR   030BH   A   
INCREMENT_MODE . . .  C ADDR   0177H   A   
INC_TIMER. . . . . .  D ADDR   0027H   A   
KEY2 . . . . . . . .  C ADDR   0224H   A   
KEY2_END . . . . . .  C ADDR   0246H   A   
KEY2_TIMER_MODE. . .  C ADDR   0247H   A   
KEY3 . . . . . . . .  C ADDR   0252H   A   
KEY4 . . . . . . . .  C ADDR   026CH   A   
KEY5 . . . . . . . .  C ADDR   028BH   A   
KEY_END. . . . . . .  C ADDR   02A8H   A   
KEY_SCAN . . . . . .  C ADDR   0204H   A   
MAIN . . . . . . . .  C ADDR   0100H   A   
MAIN_LOOP. . . . . .  C ADDR   0133H   A   
MAIN_LOOP_END. . . .  C ADDR   018FH   A   
MAIN_LOOP_RESTART. .  C ADDR   01EEH   A   
MODE_CONSTANT. . . .  N NUMB   0001H   A   
MODE_INCREMENT . . .  N NUMB   0002H   A   
MODE_NATURAL . . . .  N NUMB   0003H   A   
MODE_STOP. . . . . .  N NUMB   0000H   A   
MODE_SWITCH_DONE . .  C ADDR   0220H   A   
MODE_TABLE . . . . .  C ADDR   0333H   A   
NATURAL_MODE . . . .  C ADDR   0168H   A   
NATURAL_MODE_HANDLE.  C ADDR   0183H   A   
NOT_OP_TIMEOUT . . .  C ADDR   02F1H   A   
NOT_STOP_MODE. . . .  C ADDR   015AH   A   
NOT_TIMER_RUN. . . .  C ADDR   013FH   A   
OPER_TIMER . . . . .  D ADDR   0029H   A   
P0 . . . . . . . . .  D ADDR   0080H   A   
P1 . . . . . . . . .  D ADDR   0090H   A   
P2 . . . . . . . . .  D ADDR   00A0H   A   
POWER_SAVE . . . . .  D ADDR   0028H   A   
RAND_SEED. . . . . .  D ADDR   0025H   A   
SET_DELAY. . . . . .  C ADDR   02F4H   A   
SET_TIMER_VAL. . . .  C ADDR   024FH   A   
SHOW_COUNTDOWN . . .  C ADDR   01CAH   A   
SHOW_DEFAULT . . . .  C ADDR   01A7H   A   
SHOW_MODE_CHAR . . .  C ADDR   01B1H   A   
SHOW_TIMER_DISP. . .  C ADDR   01BBH   A   
SHOW_TIMER_END . . .  C ADDR   01D6H   A   
A51 MACRO ASSEMBLER  MOTOR_CONTROL                                                        06/17/2025 16:48:40 PAGE    10

SP . . . . . . . . .  D ADDR   0081H   A   
STEP_END . . . . . .  C ADDR   0203H   A   
STEP_MOTOR . . . . .  C ADDR   01F1H   A   
STEP_PTR . . . . . .  D ADDR   0024H   A   
STEP_TABLE . . . . .  C ADDR   032FH   A   
STOP_MODE. . . . . .  C ADDR   0143H   A   
TH0. . . . . . . . .  D ADDR   008CH   A   
TIMER0_ISR . . . . .  C ADDR   02A9H   A   
TIMER_COUNT. . . . .  D ADDR   0023H   A   
TIMER_ENDED. . . . .  C ADDR   014CH   A   
TIMER_STATE. . . . .  D ADDR   0022H   A   
TL0. . . . . . . . .  D ADDR   008AH   A   
TMOD . . . . . . . .  D ADDR   0089H   A   
TR0. . . . . . . . .  B ADDR   0088H.4 A   


REGISTER BANK(S) USED: 0 


ASSEMBLY COMPLETE.  0 WARNING(S), 0 ERROR(S)
